ABNORMAL STOP: TS does not find the transitions to the final state F.
