S   a   b
A   a   b
Ca  a   b
Sc  a   b
cM  a   b
cS  a   b
cA  a   b
cCa a   b
cSc a   b
ccM a   b
ccS a   b
ccA a   b
ccCaa   b
ccSca   b
cccMa   b
cccSa   b
cccA    b
cccCa   b
cccSc   b
ccccM   b
ccccS   b
ccccA   b
ccccCa  b
ccccSc  b
cccccM  b
cccccS  b
cccccA  b
cccccCa b
cccccSc b
ccccccM b
ccccccS b
ccccccA b
ccccccCab
ccccccScb
cccccccMb
cccccccFb
